<testsuite errors="0" failures="0" name="Django Project Tests" skips="0" tests="10" time="5.729"><testcase classname="authentication_module.tests.AuthenticationTest" name="test_failed_authentication" time="2.253677" /><testcase classname="authentication_module.tests.AuthenticationTest" name="test_succesfully_authenticated" time="0.285880" /><testcase classname="plataforma.tests.CreateUserTest" name="test_succesfully_created" time="0.942662" /><testcase classname="sitios.tests.BusquedaSitioTest" name="test_busqueda" time="0.010593" /><testcase classname="sitios.tests.BusquedaSitioTest" name="test_sugerencias" time="0.008498" /><testcase classname="sitios.tests.GeodesicaACartesianaTest" name="test_geodesica_a_cartesiana" time="0.000052" /><testcase classname="sitios.tests.HallarAnguloRotacionTest" name="test_hallar_angulo_rotacion" time="0.000046" /><testcase classname="sitios.tests.HallarDistanciGeodesicaTest" name="test_hallar_distancia" time="0.000042" /><testcase classname="sitios.tests.HallarDistanciaSinRotarTest" name="test_hallar_distancia_sin_rotar" time="0.000044" /><testcase classname="sitios.tests.HallarPuntoRotadoTest" name="test_hallar_punto_rotado" time="0.000054" /></testsuite>